object q_empty
enum QType
    prefix QTYPE
    member none
    member qnull
    member qnum
    member qstring
    member qdict
    member qlist
    member qbool
module include-relpath.json
include include/relpath.json
module include/relpath.json
include include-relpath-sub.json
module include-relpath-sub.json
enum Status
    member good
    member bad
    member ugly
